Microchip MPLAB XC8 Compiler V1.42 ()

Linker command line:

-W-3 --edf=C:\Program Files (x86)\Microchip\xc8\v1.42\dat\en_msgs.txt -cs \
  -h+dist/default/production\FLASH.X.production.sym \
  --cmf=dist/default/production\FLASH.X.production.cmf -z -Q16F887 \
  -oC:\Users\a19356\AppData\Local\Temp\s380.2 \
  -Mdist/default/production/FLASH.X.production.map -E1 -ver=XC8 \
  -ASTACK=0110h-016fh -pstack=STACK -ACODE=00h-07FFhx4 -ASTRCODE=00h-01FFFh \
  -ASTRING=00h-0FFhx32 -ACONST=00h-0FFhx32 -AENTRY=00h-0FFhx32 \
  -ACOMMON=070h-07Fh -ABANK0=020h-06Fh -ABANK1=0A0h-0EFh \
  -ABANK2=0110h-016Fh -ABANK3=0190h-01EFh \
  -ARAM=020h-06Fh,0A0h-0EFh,0110h-016Fh,0190h-01EFh \
  -AABS1=020h-07Fh,0A0h-0EFh,0110h-016Fh,0190h-01EFh -ASFR0=00h-01Fh \
  -ASFR1=080h-09Fh -ASFR2=0100h-010Fh -ASFR3=0180h-018Fh \
  -preset_vec=00h,intentry,init,end_init -ppowerup=CODE -pcinit=CODE \
  -pfunctab=CODE -ACONFIG=02007h-02008h -pconfig=CONFIG -DCONFIG=2 \
  -AIDLOC=02000h-02003h -pidloc=IDLOC -DIDLOC=2 -AEEDATA=00h-0FFh/02100h \
  -peeprom_data=EEDATA -DEEDATA=2 -DCODE=2 -DSTRCODE=2 -DSTRING=2 -DCONST=2 \
  -DENTRY=2 -k C:\Users\a19356\AppData\Local\Temp\s380.obj \
  dist/default/production\FLASH.X.production.obj 

Object code version is 3.11

Machine type is 16F887



                Name                               Link     Load   Length Selector   Space Scale
C:\Users\a19356\AppData\Local\Temp\s380.obj
                end_init                              0        0        3        0       0
                config                             2007     2007        2     400E       0
dist/default/production\FLASH.X.production.obj
                cinit                               7E4      7E4       1C      FC8       0
                text4                               659      659        B      CB2       0
                text3                               655      655        4      CAA       0
                text2                               675      675       1D      CEA       0
                text1                               6B0      6B0       50      D60       0
                maintext                            700      700       E4      E00       0
                cstackBANK0                          20       20       2E       20       1
                cstackCOMMON                         70       70        B       70       1
                inittext                            664      664       11      CC8       0
                dataBANK0                            4E       4E       1E       20       1
                dataCOMMON                           7B       7B        2       70       1
                idataBANK0                          692      692       1E      D24       0
                idataCOMMON                         653      653        2      CA6       0

TOTAL           Name                               Link     Load   Length     Space
        CLASS   STACK          

        CLASS   CODE           
                end_init                              0        0        3         0
                cinit                               7E4      7E4       1C         0
                text4                               659      659        B         0
                text3                               655      655        4         0
                text2                               675      675       1D         0
                text1                               6B0      6B0       50         0
                maintext                            700      700       E4         0
                inittext                            664      664       11         0
                idataBANK0                          692      692       1E         0
                idataCOMMON                         653      653        2         0

        CLASS   STRCODE        

        CLASS   STRING         

        CLASS   CONST          

        CLASS   ENTRY          

        CLASS   COMMON         
                cstackCOMMON                         70       70        B         1
                dataCOMMON                           7B       7B        2         1

        CLASS   BANK0          
                cstackBANK0                          20       20       2E         1
                dataBANK0                            4E       4E       1E         1

        CLASS   BANK1          

        CLASS   BANK2          

        CLASS   BANK3          

        CLASS   RAM            

        CLASS   ABS1           
                abs_s1                               7E       7E        2         1

        CLASS   SFR0           

        CLASS   SFR1           

        CLASS   SFR2           

        CLASS   SFR3           

        CLASS   CONFIG         
                config                             2007     2007        2         0

        CLASS   IDLOC          

        CLASS   EEDATA         



SEGMENTS        Name                           Load    Length   Top    Selector   Space  Class     Delta

                reset_vec                      000000  000003  000003         0       0  CODE        2
                cstackBANK0                    000020  00004C  00006C        20       1  BANK0       1
                cstackCOMMON                   000070  00000D  00007D        70       1  COMMON      1
                idataCOMMON                    000653  000002  000655       CA6       0  CODE        2
                text3                          000655  000004  000659       CAA       0  CODE        2
                text4                          000659  00000B  000664       CB2       0  CODE        2
                inittext                       000664  000011  000675       CC8       0  CODE        2
                text2                          000675  00001D  000692       CEA       0  CODE        2
                idataBANK0                     000692  00001E  0006B0       D24       0  CODE        2
                text1                          0006B0  000050  000700       D60       0  CODE        2
                maintext                       000700  0000E4  0007E4       E00       0  CODE        2
                cinit                          0007E4  00001C  000800       FC8       0  CODE        2
                config                         002007  000002  002009      400E       0  CONFIG      2


UNUSED ADDRESS RANGES

        Name                Unused          Largest block    Delta
        BANK0            006C-006F              4           1
        BANK1            00A0-00EF             50           1
        BANK2            0110-016F             60           1
        BANK3            0190-01EF             60           1
        CODE             0003-0652            650           2
                         0800-1FFF            800
        COMMON           007D-007D              1           1
        CONST            0003-0652            100           2
                         0800-1FFF            100
        EEDATA           2100-21FF            100           2
        ENTRY            0003-0652            100           2
                         0800-1FFF            100
        IDLOC            2000-2003              4           2
        RAM              006C-006F              4           1
                         00A0-00EF             50
                         0110-016F             60
                         0190-01EF             60
        SFR0             0000-001F             20           1
        SFR1             0080-009F             20           1
        SFR2             0100-010F             10           1
        SFR3             0180-018F             10           1
        STACK            0110-016F             60           1
        STRCODE          0003-0652            650           2
                         0800-1FFF           1800
        STRING           0003-0652            100           2
                         0800-1FFF            100

                                  Symbol Table

_EEADR                    (abs)        010D
_EEADRH                   (abs)        010F
_EECON1bits               (abs)        018C
_EECON2                   (abs)        018D
_EEDAT                    (abs)        010C
_EEDATA                   (abs)        010C
_EEDATH                   (abs)        010E
_EEPGD                    (abs)        0C67
_GIE                      (abs)        005F
_INTCONbits               (abs)        000B
_OSCCONbits               (abs)        008F
_RD                       (abs)        0C60
_STATUSbits               (abs)        0003
__CFG_BOR4V$BOR40V        (abs)        0000
__CFG_BOREN$OFF           (abs)        0000
__CFG_CP$OFF              (abs)        0000
__CFG_CPD$OFF             (abs)        0000
__CFG_FCMEN$ON            (abs)        0000
__CFG_FOSC$INTRC_NOCLKOUT (abs)        0000
__CFG_IESO$ON             (abs)        0000
__CFG_LVP$OFF             (abs)        0000
__CFG_MCLRE$ON            (abs)        0000
__CFG_PWRTE$OFF           (abs)        0000
__CFG_WDTE$OFF            (abs)        0000
__CFG_WRT$OFF             (abs)        0000
__Habs1                   abs1         0000
__Hbank0                  bank0        0000
__Hbank1                  bank1        0000
__Hbank2                  bank2        0000
__Hbank3                  bank3        0000
__Hcinit                  cinit        0800
__Hclrtext                clrtext      0000
__Hcode                   code         0000
__Hcommon                 common       0000
__Hconfig                 config       2009
__HcstackBANK0            cstackBANK0  0000
__HcstackCOMMON           cstackCOMMON 0000
__HdataBANK0              dataBANK0    0000
__HdataCOMMON             dataCOMMON   0000
__Heeprom_data            eeprom_data  0000
__Hend_init               end_init     0003
__Hfunctab                functab      0000
__HidataBANK0             idataBANK0   0000
__HidataCOMMON            idataCOMMON  0000
__Hidloc                  idloc        0000
__Hinit                   init         0000
__Hinittext               inittext     0000
__Hintentry               intentry     0000
__Hmaintext               maintext     0000
__Hpowerup                powerup      0000
__Hram                    ram          0000
__Hreset_vec              reset_vec    0000
__Hsfr0                   sfr0         0000
__Hsfr1                   sfr1         0000
__Hsfr2                   sfr2         0000
__Hsfr3                   sfr3         0000
__Hspace_0                (abs)        2009
__Hspace_1                (abs)        007D
__Hspace_2                (abs)        0000
__Hspace_3                (abs)        0000
__Hstack                  stack        0000
__Hstrings                strings      0000
__Htext                   text         0000
__Labs1                   abs1         0000
__Lbank0                  bank0        0000
__Lbank1                  bank1        0000
__Lbank2                  bank2        0000
__Lbank3                  bank3        0000
__Lcinit                  cinit        07E4
__Lclrtext                clrtext      0000
__Lcode                   code         0000
__Lcommon                 common       0000
__Lconfig                 config       2007
__LcstackBANK0            cstackBANK0  0000
__LcstackCOMMON           cstackCOMMON 0000
__LdataBANK0              dataBANK0    0000
__LdataCOMMON             dataCOMMON   0000
__Leeprom_data            eeprom_data  0000
__Lend_init               end_init     0000
__Lfunctab                functab      0000
__LidataBANK0             idataBANK0   0000
__LidataCOMMON            idataCOMMON  0000
__Lidloc                  idloc        0000
__Linit                   init         0000
__Linittext               inittext     0000
__Lintentry               intentry     0000
__Lmaintext               maintext     0000
__Lpowerup                powerup      0000
__Lram                    ram          0000
__Lreset_vec              reset_vec    0000
__Lsfr0                   sfr0         0000
__Lsfr1                   sfr1         0000
__Lsfr2                   sfr2         0000
__Lsfr3                   sfr3         0000
__Lspace_0                (abs)        0000
__Lspace_1                (abs)        0000
__Lspace_2                (abs)        0000
__Lspace_3                (abs)        0000
__Lstack                  stack        0000
__Lstrings                strings      0000
__Ltext                   text         0000
__S0                      (abs)        2009
__S1                      (abs)        007D
__S2                      (abs)        0000
__S3                      (abs)        0000
___int_sp                 stack        0000
___latbits                (abs)        0002
___sp                     stack        0000
__end_of__initialization  cinit        07FC
__end_of_initOSC          text4        0664
__end_of_initSystem       text3        0659
__end_of_main             maintext     07E4
__end_of_readFLASH        text2        0692
__end_of_writeFLASHWr8    text1        0700
__initialization          cinit        07E4
__pcstackBANK0            cstackBANK0  0020
__pcstackCOMMON           cstackCOMMON 0070
__pdataBANK0              dataBANK0    004E
__pdataCOMMON             dataCOMMON   007B
__pidataBANK0             idataBANK0   0692
__pidataCOMMON            idataCOMMON  0653
__pmaintext               maintext     0700
__ptext1                  text1        06B0
__ptext2                  text2        0675
__ptext3                  text3        0655
__ptext4                  text4        0659
__size_of_initOSC         (abs)        0000
__size_of_initSystem      (abs)        0000
__size_of_main            (abs)        0000
__size_of_readFLASH       (abs)        0000
__size_of_writeFLASHWr8   (abs)        0000
_initOSC                  text4        0659
_initSystem               text3        0655
_main                     maintext     0700
_readFLASH                text2        0675
_writeFLASHWr8            text1        06B0
btemp                     (abs)        007E
end_of_initialization     cinit        07FC
init_fetch0               inittext     0664
init_ram0                 inittext     0668
intlevel0                 functab      0000
intlevel1                 functab      0000
intlevel2                 functab      0000
intlevel3                 functab      0000
intlevel4                 functab      0000
intlevel5                 functab      0000
main@Chix                 cstackBANK0  0024
main@F1849                dataBANK0    004E
main@F1852                dataCOMMON   007B
main@F1854                dataBANK0    006A
main@F1856                dataBANK0    0068
main@F1858                dataBANK0    0066
main@F1860                dataBANK0    0064
main@F1862                dataBANK0    0062
main@F1864                dataBANK0    0060
main@F1866                dataBANK0    005E
main@GP                   cstackBANK0  004C
main@Van                  cstackBANK0  0034
main@binan                cstackBANK0  003E
main@cabuyao              cstackBANK0  0046
main@calamba              cstackBANK0  0042
main@los_banos            cstackBANK0  0044
main@san_pablo            cstackBANK0  0048
main@san_pedro            cstackBANK0  0040
main@sta_cruz             cstackBANK0  004A
main@sta_rosa             cstackBANK0  003C
readFLASH@PMBYTE          cstackCOMMON 0072
readFLASH@addr            cstackCOMMON 0070
reset_vec                 reset_vec    0000
stackhi                   (abs)        0000
stacklo                   (abs)        0000
start                     init         0000
start_initialization      cinit        07E4
writeFLASHWr8@PMBYTE      cstackCOMMON 0072
writeFLASHWr8@addr        cstackCOMMON 0070
writeFLASHWr8@i           cstackCOMMON 0075
wtemp0                    (abs)        007E


FUNCTION INFORMATION:

 *************** function _main *****************
 Defined at:
		line 113 in file "main.c"
 Parameters:    Size  Location     Type
  argc            2    7[COMMON] int 
  argv            2    9[COMMON] PTR PTR unsigned char 
 Auto vars:     Size  Location     Type
  Chix           16    4[BANK0 ] struct .[8]
  Van             8   20[BANK0 ] unsigned char [8]
  GP              2   44[BANK0 ] struct .
  sta_cruz        2   42[BANK0 ] struct .
  san_pablo       2   40[BANK0 ] struct .
  cabuyao         2   38[BANK0 ] struct .
  los_banos       2   36[BANK0 ] struct .
  calamba         2   34[BANK0 ] struct .
  san_pedro       2   32[BANK0 ] struct .
  binan           2   30[BANK0 ] struct .
  sta_rosa        2   28[BANK0 ] struct .
 Return value:  Size  Location     Type
                  2    7[COMMON] int 
 Registers used:
		wreg, fsr0l, fsr0h, status,2, status,0, btemp+1, pclath, cstack
 Tracked objects:
		On entry : 
		On exit  : 
		Unchanged: 
 Data sizes:     COMMON   BANK0   BANK1   BANK3   BANK2
      Params:         4       0       0       0       0
      Locals:         0      42       0       0       0
      Temps:          0       4       0       0       0
      Totals:         4      46       0       0       0
Total ram usage:       50 bytes
 Hardware stack levels required when called:    2
 This function calls:
		_initSystem
		_readFLASH
		_writeFLASHWr8
 This function is called by:
		Startup code after reset
 This function uses a non-reentrant model


 *************** function _writeFLASHWr8 *****************
 Defined at:
		line 72 in file "main.c"
 Parameters:    Size  Location     Type
  addr            2    0[COMMON] struct .
  PMBYTE          1    2[COMMON] PTR struct .
		 -> main@Chix(16), 
 Auto vars:     Size  Location     Type
  i               2    5[COMMON] int 
 Return value:  Size  Location     Type
                  1    wreg      void 
 Registers used:
		wreg, fsr0l, fsr0h, status,2, status,0, btemp+1
 Tracked objects:
		On entry : 
		On exit  : 
		Unchanged: 
 Data sizes:     COMMON   BANK0   BANK1   BANK3   BANK2
      Params:         3       0       0       0       0
      Locals:         2       0       0       0       0
      Temps:          2       0       0       0       0
      Totals:         7       0       0       0       0
Total ram usage:        7 bytes
 Hardware stack levels used:    1
 This function calls:
		Nothing
 This function is called by:
		_main
 This function uses a non-reentrant model


 *************** function _readFLASH *****************
 Defined at:
		line 184 in file "main.c"
 Parameters:    Size  Location     Type
  addr            2    0[COMMON] struct .
  PMBYTE          1    2[COMMON] PTR struct .
		 -> main@GP(2), 
 Auto vars:     Size  Location     Type
		None
 Return value:  Size  Location     Type
                  1    wreg      void 
 Registers used:
		wreg, fsr0l, fsr0h, status,2, status,0
 Tracked objects:
		On entry : 
		On exit  : 
		Unchanged: 
 Data sizes:     COMMON   BANK0   BANK1   BANK3   BANK2
      Params:         3       0       0       0       0
      Locals:         0       0       0       0       0
      Temps:          1       0       0       0       0
      Totals:         4       0       0       0       0
Total ram usage:        4 bytes
 Hardware stack levels used:    1
 This function calls:
		Nothing
 This function is called by:
		_main
 This function uses a non-reentrant model


 *************** function _initSystem *****************
 Defined at:
		line 172 in file "main.c"
 Parameters:    Size  Location     Type
		None
 Auto vars:     Size  Location     Type
		None
 Return value:  Size  Location     Type
                  1    wreg      void 
 Registers used:
		wreg, status,2, status,0, pclath, cstack
 Tracked objects:
		On entry : 
		On exit  : 
		Unchanged: 
 Data sizes:     COMMON   BANK0   BANK1   BANK3   BANK2
      Params:         0       0       0       0       0
      Locals:         0       0       0       0       0
      Temps:          0       0       0       0       0
      Totals:         0       0       0       0       0
Total ram usage:        0 bytes
 Hardware stack levels used:    1
 Hardware stack levels required when called:    1
 This function calls:
		_initOSC
 This function is called by:
		_main
 This function uses a non-reentrant model


 *************** function _initOSC *****************
 Defined at:
		line 176 in file "main.c"
 Parameters:    Size  Location     Type
		None
 Auto vars:     Size  Location     Type
		None
 Return value:  Size  Location     Type
                  1    wreg      void 
 Registers used:
		wreg, status,2, status,0
 Tracked objects:
		On entry : 
		On exit  : 
		Unchanged: 
 Data sizes:     COMMON   BANK0   BANK1   BANK3   BANK2
      Params:         0       0       0       0       0
      Locals:         0       0       0       0       0
      Temps:          0       0       0       0       0
      Totals:         0       0       0       0       0
Total ram usage:        0 bytes
 Hardware stack levels used:    1
 This function calls:
		Nothing
 This function is called by:
		_initSystem
 This function uses a non-reentrant model



MODULE INFORMATION

Module		Function		Class		Link	Load	Size
shared
		__initialization		CODE           	07E4	0000	25

shared estimated size: 25

main.c
		_initSystem    		CODE           	0655	0000	5
		_writeFLASHWr8 		CODE           	06B0	0000	81
		_readFLASH     		CODE           	0675	0000	30
		_initOSC       		CODE           	0659	0000	12
		_main          		CODE           	0700	0000	229

main.c estimated size: 357

